
Allocating common symbols
Common symbol       size              file

idt_ptr             0x6               kernel/global.o
FILEOUT             0x4               kernel/global.o
inode_table         0xb00             kernel/global.o
task_stack          0x38000           kernel/global.o
ESCAPE_INPUT_X      0x4               kernel/global.o
k_reenter           0x4               kernel/global.o
ESCAPE_STATE        0x4               kernel/global.o
gdt                 0x400             kernel/global.o
current_console     0x4               kernel/global.o
pcaller             0x4               kernel/global.o
tty_table           0x1090            kernel/global.o
tss                 0x68              kernel/global.o
tmpQP               0x24              kernel/main.o
fs_msg              0x30              kernel/global.o
f_desc_table        0x300             kernel/global.o
root_inode          0x4               kernel/global.o
disp_pos            0x4               kernel/global.o
key_pressed         0x4               kernel/global.o
gdt_ptr             0x6               kernel/global.o
idt                 0x800             kernel/global.o
super_block         0x1e0             kernel/global.o
PARTITION_ENTRY     0x10              kernel/hd.o
ticks               0x4               kernel/global.o
States              0x14820           kernel/main.o
console_table       0x50              kernel/global.o
ESCAPE_INPUT_Y      0x4               kernel/global.o
irq_table           0x40              kernel/global.o
p_proc_ready        0x4               kernel/global.o
proc_table          0xb0c             kernel/global.o

Discarded input sections

 .note.GNU-stack
                0x0000000000000000        0x0 kernel/start.o
 .note.GNU-stack
                0x0000000000000000        0x0 kernel/main.o
 .note.GNU-stack
                0x0000000000000000        0x0 kernel/clock.o
 .note.GNU-stack
                0x0000000000000000        0x0 kernel/keyboard.o
 .note.GNU-stack
                0x0000000000000000        0x0 kernel/tty.o
 .note.GNU-stack
                0x0000000000000000        0x0 kernel/console.o
 .note.GNU-stack
                0x0000000000000000        0x0 kernel/i8259.o
 .note.GNU-stack
                0x0000000000000000        0x0 kernel/global.o
 .note.GNU-stack
                0x0000000000000000        0x0 kernel/protect.o
 .note.GNU-stack
                0x0000000000000000        0x0 kernel/proc.o
 .note.GNU-stack
                0x0000000000000000        0x0 kernel/systask.o
 .note.GNU-stack
                0x0000000000000000        0x0 kernel/hd.o
 .note.GNU-stack
                0x0000000000000000        0x0 lib/printf.o
 .note.GNU-stack
                0x0000000000000000        0x0 lib/vsprintf.o
 .note.GNU-stack
                0x0000000000000000        0x0 lib/klib.o
 .note.GNU-stack
                0x0000000000000000        0x0 lib/misc.o
 .note.GNU-stack
                0x0000000000000000        0x0 lib/open.o
 .note.GNU-stack
                0x0000000000000000        0x0 lib/read.o
 .note.GNU-stack
                0x0000000000000000        0x0 lib/write.o
 .note.GNU-stack
                0x0000000000000000        0x0 lib/close.o
 .note.GNU-stack
                0x0000000000000000        0x0 lib/unlink.o
 .note.GNU-stack
                0x0000000000000000        0x0 lib/lseek.o
 .note.GNU-stack
                0x0000000000000000        0x0 lib/getpid.o
 .note.GNU-stack
                0x0000000000000000        0x0 lib/syslog.o
 .note.GNU-stack
                0x0000000000000000        0x0 fs/main.o
 .note.GNU-stack
                0x0000000000000000        0x0 fs/open.o
 .note.GNU-stack
                0x0000000000000000        0x0 fs/misc.o
 .note.GNU-stack
                0x0000000000000000        0x0 fs/read_write.o
 .note.GNU-stack
                0x0000000000000000        0x0 fs/link.o
 .note.GNU-stack
                0x0000000000000000        0x0 fs/disklog.o

Memory Configuration

Name             Origin             Length             Attributes
*default*        0x0000000000000000 0xffffffffffffffff

Linker script and memory map

Address of section .text set to 0x1000
LOAD kernel/kernel.o
LOAD lib/syscall.o
LOAD kernel/start.o
LOAD kernel/main.o
LOAD kernel/clock.o
LOAD kernel/keyboard.o
LOAD kernel/tty.o
LOAD kernel/console.o
LOAD kernel/i8259.o
LOAD kernel/global.o
LOAD kernel/protect.o
LOAD kernel/proc.o
LOAD kernel/systask.o
LOAD kernel/hd.o
LOAD lib/printf.o
LOAD lib/vsprintf.o
LOAD lib/kliba.o
LOAD lib/klib.o
LOAD lib/string.o
LOAD lib/misc.o
LOAD lib/open.o
LOAD lib/read.o
LOAD lib/write.o
LOAD lib/close.o
LOAD lib/unlink.o
LOAD lib/lseek.o
LOAD lib/getpid.o
LOAD lib/syslog.o
LOAD fs/main.o
LOAD fs/open.o
LOAD fs/misc.o
LOAD fs/read_write.o
LOAD fs/link.o
LOAD fs/disklog.o
                [!provide]                        PROVIDE (__executable_start, 0x8048000)
                0x0000000008048094                . = (0x8048000 + SIZEOF_HEADERS)

.interp
 *(.interp)

.note.gnu.build-id
 *(.note.gnu.build-id)

.hash
 *(.hash)

.gnu.hash
 *(.gnu.hash)

.dynsym
 *(.dynsym)

.dynstr
 *(.dynstr)

.gnu.version
 *(.gnu.version)

.gnu.version_d
 *(.gnu.version_d)

.gnu.version_r
 *(.gnu.version_r)

.rel.dyn        0x0000000008048094        0x0
 *(.rel.init)
 *(.rel.text .rel.text.* .rel.gnu.linkonce.t.*)
 .rel.text      0x0000000008048094        0x0 kernel/kernel.o
 *(.rel.fini)
 *(.rel.rodata .rel.rodata.* .rel.gnu.linkonce.r.*)
 *(.rel.data.rel.ro .rel.data.rel.ro.* .rel.gnu.linkonce.d.rel.ro.*)
 *(.rel.data .rel.data.* .rel.gnu.linkonce.d.*)
 .rel.data      0x0000000008048094        0x0 kernel/kernel.o
 *(.rel.tdata .rel.tdata.* .rel.gnu.linkonce.td.*)
 *(.rel.tbss .rel.tbss.* .rel.gnu.linkonce.tb.*)
 *(.rel.ctors)
 *(.rel.dtors)
 *(.rel.got)
 *(.rel.bss .rel.bss.* .rel.gnu.linkonce.b.*)
 *(.rel.ifunc)

.rel.plt        0x0000000008048094        0x0
 *(.rel.plt)
                [!provide]                        PROVIDE (__rel_iplt_start, .)
 *(.rel.iplt)
 .rel.iplt      0x0000000008048094        0x0 kernel/kernel.o
                [!provide]                        PROVIDE (__rel_iplt_end, .)

.init
 *(SORT(.init))

.plt            0x00000000080480a0        0x0
 *(.plt)
 *(.iplt)
 .iplt          0x00000000080480a0        0x0 kernel/kernel.o

.plt.got
 *(.plt.got)

.text           0x0000000000001000     0xb62b
 *(.text.unlikely .text.*_unlikely .text.unlikely.*)
 *(.text.exit .text.exit.*)
 *(.text.startup .text.startup.*)
 *(.text.hot .text.hot.*)
 *(.text .stub .text.* .gnu.linkonce.t.*)
 .text          0x0000000000001000      0x410 kernel/kernel.o
                0x0000000000001000                _start
                0x0000000000001040                hwint00
                0x0000000000001070                hwint01
                0x00000000000010a0                hwint02
                0x00000000000010d0                hwint03
                0x0000000000001100                hwint04
                0x0000000000001130                hwint05
                0x0000000000001160                hwint06
                0x0000000000001190                hwint07
                0x00000000000011c0                hwint08
                0x00000000000011f0                hwint09
                0x0000000000001220                hwint10
                0x0000000000001250                hwint11
                0x0000000000001280                hwint12
                0x00000000000012b0                hwint13
                0x00000000000012e0                hwint14
                0x0000000000001310                hwint15
                0x0000000000001334                divide_error
                0x000000000000133a                single_step_exception
                0x0000000000001340                nmi
                0x0000000000001346                breakpoint_exception
                0x000000000000134c                overflow
                0x0000000000001352                bounds_check
                0x0000000000001358                inval_opcode
                0x000000000000135e                copr_not_available
                0x0000000000001364                double_fault
                0x0000000000001368                copr_seg_overrun
                0x000000000000136e                inval_tss
                0x0000000000001372                segment_not_present
                0x0000000000001376                stack_exception
                0x000000000000137a                general_protection
                0x000000000000137e                page_fault
                0x0000000000001382                copr_error
                0x00000000000013cb                sys_call
                0x00000000000013eb                restart
 .text          0x0000000000001410       0x28 lib/syscall.o
                0x0000000000001410                sendrec
                0x000000000000142a                printx
 .text          0x0000000000001438       0x95 kernel/start.o
                0x0000000000001438                cstart
 .text          0x00000000000014cd     0x2269 kernel/main.o
                0x00000000000014cd                kernel_main
                0x0000000000001757                get_ticks
                0x000000000000178b                TestA
                0x000000000000199a                TestB
                0x0000000000001e7f                Init
                0x0000000000001edb                PrintQP
                0x0000000000001f8f                IsWin
                0x000000000000214c                e_fun
                0x000000000000252d                AutoDone
                0x0000000000002b0f                UserInput
                0x0000000000002c22                TestC
                0x0000000000002c3b                TTT
                0x0000000000002d78                panic
                0x0000000000002dc1                clear
                0x0000000000002e25                help
                0x0000000000002ebe                ProcessManage
                0x0000000000002f5e                welcome
                0x0000000000002fb7                escape
 .text          0x0000000000003736      0x12e kernel/clock.o
                0x0000000000003736                ran
                0x0000000000003757                clock_handler
                0x00000000000037d2                milli_delay
                0x000000000000380c                init_clock
 .text          0x0000000000003864      0x6da kernel/keyboard.o
                0x0000000000003864                keyboard_handler
                0x00000000000038ce                init_keyboard
                0x000000000000397d                keyboard_read
 .text          0x0000000000003f3e      0xac9 kernel/tty.o
                0x0000000000003f3e                task_tty
                0x00000000000040ee                in_process
                0x0000000000004707                sys_printx
                0x00000000000048a6                dump_tty_buf
 .text          0x0000000000004a07      0x7d0 kernel/console.o
                0x0000000000004a07                init_screen
                0x0000000000004b74                out_char
                0x0000000000004e17                clear_screen
                0x0000000000004e51                is_current_console
                0x0000000000004e74                set_cursor
                0x0000000000004edc                set_video_start_addr
                0x0000000000004f44                select_console
                0x0000000000004f84                scroll_screen
                0x0000000000005168                flush
 .text          0x00000000000051d7      0x130 kernel/i8259.o
                0x00000000000051d7                init_8259A
                0x00000000000052ac                spurious_irq
                0x00000000000052e3                put_irq_handler
 .text          0x0000000000005307        0x0 kernel/global.o
 .text          0x0000000000005307      0x614 kernel/protect.o
                0x0000000000005307                init_prot
                0x0000000000005724                seg2phys
                0x00000000000057e0                exception_handler
 .text          0x000000000000591b     0x1730 kernel/proc.o
                0x000000000000591b                schedule
                0x00000000000059a7                sys_sendrec
                0x0000000000005ac7                send_recv
                0x0000000000005b84                ldt_seg_linear
                0x0000000000005bce                va2la
                0x0000000000005c2f                reset_msg
                0x0000000000006a50                inform_int
                0x0000000000006bcc                dump_proc
                0x0000000000006f3e                dump_msg
 .text          0x000000000000704b       0x82 kernel/systask.o
                0x000000000000704b                task_sys
 .text          0x00000000000070cd      0xe1f kernel/hd.o
                0x00000000000070cd                task_hd
                0x0000000000007ec1                hd_handler
 .text          0x0000000000007eec       0xad lib/printf.o
                0x0000000000007eec                printf
                0x0000000000007f57                printl
 .text          0x0000000000007f99      0x305 lib/vsprintf.o
                0x0000000000007ff7                vsprintf
                0x0000000000008278                sprintf
 *fill*         0x000000000000829e        0x2 
 .text          0x00000000000082a0      0x19a lib/kliba.o
                0x00000000000082a0                disp_str
                0x00000000000082de                disp_color_str
                0x000000000000831d                out_byte
                0x0000000000008329                in_byte
                0x0000000000008333                port_read
                0x0000000000008346                port_write
                0x0000000000008359                disable_irq
                0x000000000000838e                enable_irq
                0x00000000000083ad                disable_int
                0x00000000000083af                enable_int
                0x00000000000083b1                glitter
 .text          0x000000000000843a      0x1d3 lib/klib.o
                0x000000000000843a                itoa
                0x00000000000084e5                atoi
                0x000000000000859f                disp_int
                0x00000000000085c6                delay
 *fill*         0x000000000000860d        0x3 
 .text          0x0000000000008610       0x78 lib/string.o
                0x0000000000008610                memcpy
                0x0000000000008639                memset
                0x000000000000865a                strcpy
                0x0000000000008672                strlen
 .text          0x0000000000008688      0x19c lib/misc.o
                0x0000000000008688                memcmp
                0x00000000000086fe                strcmp
                0x0000000000008771                strcat
                0x00000000000087d0                spin
                0x00000000000087eb                assertion_failure
 .text          0x0000000000008824       0x63 lib/open.o
                0x0000000000008824                open
 .text          0x0000000000008887       0x37 lib/read.o
                0x0000000000008887                read
 .text          0x00000000000088be       0x37 lib/write.o
                0x00000000000088be                write
 .text          0x00000000000088f5       0x2b lib/close.o
                0x00000000000088f5                close
 .text          0x0000000000008920       0x3c lib/unlink.o
                0x0000000000008920                unlink
 .text          0x000000000000895c       0x25 lib/lseek.o
                0x000000000000895c                lseek
 .text          0x0000000000008981       0x46 lib/getpid.o
                0x0000000000008981                getpid
 .text          0x00000000000089c7       0xd1 lib/syslog.o
                0x00000000000089c7                syslog
 .text          0x0000000000008a98      0xd6d fs/main.o
                0x0000000000008a98                task_fs
                0x00000000000092fc                rw_sector
                0x000000000000951f                get_super_block
                0x0000000000009565                get_inode
                0x00000000000096c8                put_inode
                0x0000000000009706                sync_inode
 .text          0x0000000000009805      0xb6e fs/open.o
                0x0000000000009805                do_open
                0x0000000000009c55                do_close
                0x0000000000009cb1                do_lseek
 .text          0x000000000000a373      0x1e1 fs/misc.o
                0x000000000000a373                search_file
                0x000000000000a4c9                strip_path
 .text          0x000000000000a554      0x49a fs/read_write.o
                0x000000000000a554                do_rdwt
 .text          0x000000000000a9ee      0x808 fs/link.o
                0x000000000000a9ee                do_unlink
 .text          0x000000000000b1f6     0x1435 fs/disklog.o
                0x000000000000b1f6                do_disklog
                0x000000000000b291                disklog
                0x000000000000b76c                dump_fd_graph
 *(.gnu.warning)

.fini
 *(SORT(.fini))
                [!provide]                        PROVIDE (__etext, .)
                [!provide]                        PROVIDE (_etext, .)
                [!provide]                        PROVIDE (etext, .)

.rodata         0x000000000000c640     0x277b
 *(.rodata .rodata.* .gnu.linkonce.r.*)
 .rodata        0x000000000000c640       0x47 kernel/start.o
 *fill*         0x000000000000c687        0x1 
 .rodata        0x000000000000c688      0x99a kernel/main.o
                0x000000000000cb18                NO_BLANK
                0x000000000000cb1c                TREE_DEPTH
                0x000000000000cb20                NIL
 *fill*         0x000000000000d022        0x2 
 .rodata        0x000000000000d024       0x64 kernel/keyboard.o
 .rodata        0x000000000000d088      0x1dc kernel/tty.o
 .rodata        0x000000000000d264       0x5b kernel/console.o
 .rodata        0x000000000000d2bf       0x11 kernel/i8259.o
 .rodata        0x000000000000d2d0        0x4 kernel/global.o
                0x000000000000d2d0                FSBUF_SIZE
 *fill*         0x000000000000d2d4        0xc 
 .rodata        0x000000000000d2e0      0x540 kernel/protect.o
 .rodata        0x000000000000d820      0x62e kernel/proc.o
 .rodata        0x000000000000de4e       0x11 kernel/systask.o
 *fill*         0x000000000000de5f        0x1 
 .rodata        0x000000000000de60      0x1ba kernel/hd.o
 .rodata        0x000000000000e01a       0x14 lib/printf.o
 *fill*         0x000000000000e02e        0x2 
 .rodata        0x000000000000e030       0x61 lib/misc.o
 .rodata        0x000000000000e091       0x23 lib/open.o
 .rodata        0x000000000000e0b4       0x25 lib/getpid.o
 .rodata        0x000000000000e0d9       0x32 lib/syslog.o
 *fill*         0x000000000000e10b        0x1 
 .rodata        0x000000000000e10c      0x206 fs/main.o
 *fill*         0x000000000000e312        0x2 
 .rodata        0x000000000000e314      0x179 fs/open.o
 *fill*         0x000000000000e48d        0x3 
 .rodata        0x000000000000e490      0x164 fs/read_write.o
 .rodata        0x000000000000e5f4      0x19d fs/link.o
 *fill*         0x000000000000e791        0x3 
 .rodata        0x000000000000e794      0x627 fs/disklog.o

.rodata1
 *(.rodata1)

.eh_frame_hdr
 *(.eh_frame_hdr)
 *(.eh_frame_entry .eh_frame_entry.*)

.eh_frame       0x000000000000edbc     0x11a0
 *(.eh_frame)
 .eh_frame      0x000000000000edbc       0x38 kernel/start.o
 .eh_frame      0x000000000000edf4      0x268 kernel/main.o
                                        0x280 (size before relaxing)
 .eh_frame      0x000000000000f05c       0x80 kernel/clock.o
                                         0x98 (size before relaxing)
 .eh_frame      0x000000000000f0dc       0xe0 kernel/keyboard.o
                                         0xf8 (size before relaxing)
 .eh_frame      0x000000000000f1bc      0x13c kernel/tty.o
                                        0x154 (size before relaxing)
 .eh_frame      0x000000000000f2f8      0x144 kernel/console.o
                                        0x15c (size before relaxing)
 .eh_frame      0x000000000000f43c       0x60 kernel/i8259.o
                                         0x78 (size before relaxing)
 .eh_frame      0x000000000000f49c       0xb0 kernel/protect.o
                                         0xc8 (size before relaxing)
 .eh_frame      0x000000000000f54c      0x1d8 kernel/proc.o
                                        0x1f0 (size before relaxing)
 .eh_frame      0x000000000000f724       0x1c kernel/systask.o
                                         0x34 (size before relaxing)
 .eh_frame      0x000000000000f740      0x1f0 kernel/hd.o
                                        0x208 (size before relaxing)
 .eh_frame      0x000000000000f930       0x40 lib/printf.o
                                         0x58 (size before relaxing)
 .eh_frame      0x000000000000f970       0x60 lib/vsprintf.o
                                         0x78 (size before relaxing)
 .eh_frame      0x000000000000f9d0       0x80 lib/klib.o
                                         0x98 (size before relaxing)
 .eh_frame      0x000000000000fa50       0x9c lib/misc.o
                                         0xb4 (size before relaxing)
 .eh_frame      0x000000000000faec       0x20 lib/open.o
                                         0x38 (size before relaxing)
 .eh_frame      0x000000000000fb0c       0x20 lib/read.o
                                         0x38 (size before relaxing)
 .eh_frame      0x000000000000fb2c       0x20 lib/write.o
                                         0x38 (size before relaxing)
 .eh_frame      0x000000000000fb4c       0x20 lib/close.o
                                         0x38 (size before relaxing)
 .eh_frame      0x000000000000fb6c       0x20 lib/unlink.o
                                         0x38 (size before relaxing)
 .eh_frame      0x000000000000fb8c       0x20 lib/lseek.o
                                         0x38 (size before relaxing)
 .eh_frame      0x000000000000fbac       0x20 lib/getpid.o
                                         0x38 (size before relaxing)
 .eh_frame      0x000000000000fbcc       0x20 lib/syslog.o
                                         0x38 (size before relaxing)
 .eh_frame      0x000000000000fbec      0x130 fs/main.o
                                        0x148 (size before relaxing)
 .eh_frame      0x000000000000fd1c      0x124 fs/open.o
                                        0x13c (size before relaxing)
 .eh_frame      0x000000000000fe40       0x44 fs/misc.o
                                         0x5c (size before relaxing)
 .eh_frame      0x000000000000fe84       0x2c fs/read_write.o
                                         0x44 (size before relaxing)
 .eh_frame      0x000000000000feb0       0x2c fs/link.o
                                         0x44 (size before relaxing)
 .eh_frame      0x000000000000fedc       0x80 fs/disklog.o
                                         0x98 (size before relaxing)
 *(.eh_frame.*)

.gcc_except_table
 *(.gcc_except_table .gcc_except_table.*)

.gnu_extab
 *(.gnu_extab*)

.exception_ranges
 *(.exception_ranges .exception_ranges*)
                0x0000000000010000                . = DATA_SEGMENT_ALIGN (0x1000, 0x1000)

.eh_frame
 *(.eh_frame)
 *(.eh_frame.*)

.gnu_extab
 *(.gnu_extab)

.gcc_except_table
 *(.gcc_except_table .gcc_except_table.*)

.exception_ranges
 *(.exception_ranges .exception_ranges*)

.tdata
 *(.tdata .tdata.* .gnu.linkonce.td.*)

.tbss
 *(.tbss .tbss.* .gnu.linkonce.tb.*)
 *(.tcommon)

.preinit_array  0x0000000000010000        0x0
                [!provide]                        PROVIDE (__preinit_array_start, .)
 *(.preinit_array)
                [!provide]                        PROVIDE (__preinit_array_end, .)

.init_array     0x0000000000010000        0x0
                [!provide]                        PROVIDE (__init_array_start, .)
 *(SORT(.init_array.*) SORT(.ctors.*))
 *(.init_array EXCLUDE_FILE(*crtend?.o *crtend.o *crtbegin?.o *crtbegin.o) .ctors)
                [!provide]                        PROVIDE (__init_array_end, .)

.fini_array     0x0000000000010000        0x0
                [!provide]                        PROVIDE (__fini_array_start, .)
 *(SORT(.fini_array.*) SORT(.dtors.*))
 *(.fini_array EXCLUDE_FILE(*crtend?.o *crtend.o *crtbegin?.o *crtbegin.o) .dtors)
                [!provide]                        PROVIDE (__fini_array_end, .)

.ctors
 *crtbegin.o(.ctors)
 *crtbegin?.o(.ctors)
 *(EXCLUDE_FILE(*crtend?.o *crtend.o) .ctors)
 *(SORT(.ctors.*))
 *(.ctors)

.dtors
 *crtbegin.o(.dtors)
 *crtbegin?.o(.dtors)
 *(EXCLUDE_FILE(*crtend?.o *crtend.o) .dtors)
 *(SORT(.dtors.*))
 *(.dtors)

.jcr
 *(.jcr)

.data.rel.ro
 *(.data.rel.ro.local* .gnu.linkonce.d.rel.ro.local.*)
 *(.data.rel.ro .data.rel.ro.* .gnu.linkonce.d.rel.ro.*)

.dynamic
 *(.dynamic)

.got
 *(.got)
 *(.igot)
                0x0000000000010000                . = DATA_SEGMENT_RELRO_END (., (SIZEOF (.got.plt) >= 0xc)?0xc:0x0)

.got.plt        0x0000000000010000        0x0
 *(.got.plt)
 *(.igot.plt)
 .igot.plt      0x0000000000010000        0x0 kernel/kernel.o

.data           0x0000000000010000      0x7a0
 *(.data .data.* .gnu.linkonce.d.*)
 .data          0x0000000000010000        0x2 kernel/kernel.o
 .data          0x0000000000010002        0x0 kernel/start.o
 .data          0x0000000000010002        0x0 kernel/main.o
 .data          0x0000000000010002        0x0 kernel/clock.o
 *fill*         0x0000000000010002       0x1e 
 .data          0x0000000000010020      0x600 kernel/keyboard.o
                0x0000000000010020                keymap
 .data          0x0000000000010620       0x22 kernel/tty.o
 .data          0x0000000000010642        0x0 kernel/console.o
 .data          0x0000000000010642        0x0 kernel/i8259.o
 *fill*         0x0000000000010642       0x1e 
 .data          0x0000000000010660      0x140 kernel/global.o
                0x0000000000010660                task_table
                0x0000000000010700                user_proc_table
                0x0000000000010778                sys_call_table
                0x0000000000010784                dd_map
                0x000000000001079c                fsbuf
 .data          0x00000000000107a0        0x0 kernel/protect.o
 .data          0x00000000000107a0        0x0 kernel/proc.o
 .data          0x00000000000107a0        0x0 kernel/systask.o
 .data          0x00000000000107a0        0x0 kernel/hd.o
 .data          0x00000000000107a0        0x0 lib/printf.o
 .data          0x00000000000107a0        0x0 lib/vsprintf.o
 .data          0x00000000000107a0        0x0 lib/klib.o
 .data          0x00000000000107a0        0x0 lib/misc.o
 .data          0x00000000000107a0        0x0 lib/open.o
 .data          0x00000000000107a0        0x0 lib/read.o
 .data          0x00000000000107a0        0x0 lib/write.o
 .data          0x00000000000107a0        0x0 lib/close.o
 .data          0x00000000000107a0        0x0 lib/unlink.o
 .data          0x00000000000107a0        0x0 lib/lseek.o
 .data          0x00000000000107a0        0x0 lib/getpid.o
 .data          0x00000000000107a0        0x0 lib/syslog.o
 .data          0x00000000000107a0        0x0 fs/main.o
 .data          0x00000000000107a0        0x0 fs/open.o
 .data          0x00000000000107a0        0x0 fs/misc.o
 .data          0x00000000000107a0        0x0 fs/read_write.o
 .data          0x00000000000107a0        0x0 fs/link.o
 .data          0x00000000000107a0        0x0 fs/disklog.o

.data1
 *(.data1)
                0x00000000000107a0                _edata = .
                [!provide]                        PROVIDE (edata, .)
                0x00000000000107a0                . = .
                0x00000000000107a0                __bss_start = .

.bss            0x00000000000107a0    0x5131c
 *(.dynbss)
 *(.bss .bss.* .gnu.linkonce.b.*)
 .bss           0x00000000000107a0      0x800 kernel/kernel.o
 .bss           0x0000000000010fa0        0x0 kernel/start.o
 .bss           0x0000000000010fa0        0x4 kernel/main.o
 .bss           0x0000000000010fa4        0x0 kernel/clock.o
 *fill*         0x0000000000010fa4       0x1c 
 .bss           0x0000000000010fc0       0x58 kernel/keyboard.o
 .bss           0x0000000000011018        0x0 kernel/tty.o
 .bss           0x0000000000011018        0x0 kernel/console.o
 .bss           0x0000000000011018        0x0 kernel/i8259.o
 .bss           0x0000000000011018        0x0 kernel/global.o
 .bss           0x0000000000011018        0x0 kernel/protect.o
 .bss           0x0000000000011018        0x0 kernel/proc.o
 .bss           0x0000000000011018        0x0 kernel/systask.o
 *fill*         0x0000000000011018        0x8 
 .bss           0x0000000000011020      0x64c kernel/hd.o
 .bss           0x000000000001166c        0x0 lib/printf.o
 .bss           0x000000000001166c        0x0 lib/vsprintf.o
 .bss           0x000000000001166c        0x0 lib/klib.o
 .bss           0x000000000001166c        0x0 lib/misc.o
 .bss           0x000000000001166c        0x0 lib/open.o
 .bss           0x000000000001166c        0x0 lib/read.o
 .bss           0x000000000001166c        0x0 lib/write.o
 .bss           0x000000000001166c        0x0 lib/close.o
 .bss           0x000000000001166c        0x0 lib/unlink.o
 .bss           0x000000000001166c        0x0 lib/lseek.o
 .bss           0x000000000001166c        0x0 lib/getpid.o
 .bss           0x000000000001166c        0x0 lib/syslog.o
 .bss           0x000000000001166c        0x0 fs/main.o
 .bss           0x000000000001166c        0x0 fs/open.o
 .bss           0x000000000001166c        0x0 fs/misc.o
 .bss           0x000000000001166c        0x0 fs/read_write.o
 .bss           0x000000000001166c        0x0 fs/link.o
 *fill*         0x000000000001166c       0x14 
 .bss           0x0000000000011680      0x208 fs/disklog.o
 *(COMMON)
 *fill*         0x0000000000011888       0x18 
 COMMON         0x00000000000118a0    0x14860 kernel/main.o
                0x00000000000118a0                tmpQP
                0x00000000000118e0                States
 COMMON         0x0000000000026100    0x3b9ac kernel/global.o
                0x0000000000026100                idt_ptr
                0x0000000000026108                FILEOUT
                0x0000000000026120                inode_table
                0x0000000000026c20                task_stack
                0x000000000005ec20                ESCAPE_INPUT_X
                0x000000000005ec24                k_reenter
                0x000000000005ec28                ESCAPE_STATE
                0x000000000005ec40                gdt
                0x000000000005f040                current_console
                0x000000000005f044                pcaller
                0x000000000005f060                tty_table
                0x0000000000060100                tss
                0x0000000000060180                fs_msg
                0x00000000000601c0                f_desc_table
                0x00000000000604c0                root_inode
                0x00000000000604c4                disp_pos
                0x00000000000604c8                key_pressed
                0x00000000000604cc                gdt_ptr
                0x00000000000604e0                idt
                0x0000000000060ce0                super_block
                0x0000000000060ec0                ticks
                0x0000000000060ee0                console_table
                0x0000000000060f30                ESCAPE_INPUT_Y
                0x0000000000060f40                irq_table
                0x0000000000060f80                p_proc_ready
                0x0000000000060fa0                proc_table
 COMMON         0x0000000000061aac       0x10 kernel/hd.o
                0x0000000000061aac                PARTITION_ENTRY
                0x0000000000061abc                . = ALIGN ((. != 0x0)?0x4:0x1)
                0x0000000000061abc                . = ALIGN (0x4)
                0x0000000000061abc                . = SEGMENT_START ("ldata-segment", .)
                0x0000000000061abc                . = ALIGN (0x4)
                0x0000000000061abc                _end = .
                [!provide]                        PROVIDE (end, .)
                0x0000000000061abc                . = DATA_SEGMENT_END (.)

.stab
 *(.stab)

.stabstr
 *(.stabstr)

.stab.excl
 *(.stab.excl)

.stab.exclstr
 *(.stab.exclstr)

.stab.index
 *(.stab.index)

.stab.indexstr
 *(.stab.indexstr)

.comment        0x0000000000000000       0x34
 *(.comment)
 .comment       0x0000000000000000       0x34 kernel/start.o
                                         0x35 (size before relaxing)
 .comment       0x0000000000000034       0x35 kernel/main.o
 .comment       0x0000000000000034       0x35 kernel/clock.o
 .comment       0x0000000000000034       0x35 kernel/keyboard.o
 .comment       0x0000000000000034       0x35 kernel/tty.o
 .comment       0x0000000000000034       0x35 kernel/console.o
 .comment       0x0000000000000034       0x35 kernel/i8259.o
 .comment       0x0000000000000034       0x35 kernel/global.o
 .comment       0x0000000000000034       0x35 kernel/protect.o
 .comment       0x0000000000000034       0x35 kernel/proc.o
 .comment       0x0000000000000034       0x35 kernel/systask.o
 .comment       0x0000000000000034       0x35 kernel/hd.o
 .comment       0x0000000000000034       0x35 lib/printf.o
 .comment       0x0000000000000034       0x35 lib/vsprintf.o
 .comment       0x0000000000000034       0x35 lib/klib.o
 .comment       0x0000000000000034       0x35 lib/misc.o
 .comment       0x0000000000000034       0x35 lib/open.o
 .comment       0x0000000000000034       0x35 lib/read.o
 .comment       0x0000000000000034       0x35 lib/write.o
 .comment       0x0000000000000034       0x35 lib/close.o
 .comment       0x0000000000000034       0x35 lib/unlink.o
 .comment       0x0000000000000034       0x35 lib/lseek.o
 .comment       0x0000000000000034       0x35 lib/getpid.o
 .comment       0x0000000000000034       0x35 lib/syslog.o
 .comment       0x0000000000000034       0x35 fs/main.o
 .comment       0x0000000000000034       0x35 fs/open.o
 .comment       0x0000000000000034       0x35 fs/misc.o
 .comment       0x0000000000000034       0x35 fs/read_write.o
 .comment       0x0000000000000034       0x35 fs/link.o
 .comment       0x0000000000000034       0x35 fs/disklog.o

.debug
 *(.debug)

.line
 *(.line)

.debug_srcinfo
 *(.debug_srcinfo)

.debug_sfnames
 *(.debug_sfnames)

.debug_aranges
 *(.debug_aranges)

.debug_pubnames
 *(.debug_pubnames)

.debug_info
 *(.debug_info .gnu.linkonce.wi.*)

.debug_abbrev
 *(.debug_abbrev)

.debug_line
 *(.debug_line .debug_line.* .debug_line_end)

.debug_frame
 *(.debug_frame)

.debug_str
 *(.debug_str)

.debug_loc
 *(.debug_loc)

.debug_macinfo
 *(.debug_macinfo)

.debug_weaknames
 *(.debug_weaknames)

.debug_funcnames
 *(.debug_funcnames)

.debug_typenames
 *(.debug_typenames)

.debug_varnames
 *(.debug_varnames)

.debug_pubtypes
 *(.debug_pubtypes)

.debug_ranges
 *(.debug_ranges)

.debug_macro
 *(.debug_macro)

.gnu.attributes
 *(.gnu.attributes)

/DISCARD/
 *(.note.GNU-stack)
 *(.gnu_debuglink)
 *(.gnu.lto_*)
OUTPUT(kernel.bin elf32-i386)
